Shutting down (localhost, ${ports[0]}) ...
OK.
Shutting down (localhost, ${ports[1]}) ...
OK.
