Loading ...
Loaded 6
Querying ...
=1 * *
[1, 2]
=2 * *
[2, 3]
=3 * *
[1, 3]
=1 * * * *
[1, 2, 3]
=2 * * * *
[1, 2, 3]
=3 * * * *
[1, 2, 3]
=1 * * * * * *
[1, 2, 3]
=1 * * * * * =1
[1]
=1 * * * * * =2
[2]
=1 * * * * * =3
[3]
Shutting down (localhost, ${ports[0]}) ...
OK.
Shutting down (localhost, ${ports[1]}) ...
OK.
