Loading ...
Loaded 6
Querying ...
=2 =10 *
[]
Shutting down (localhost, ${ports[0]}) ...
OK.
Shutting down (localhost, ${ports[1]}) ...
OK.
