Loading ...
Loaded 6
Querying ...
=1 * *
[2, 3]
=1 * * * *
[4, 5, 6, 7]
=1 * * =2 *
[4, 6]
=1 * * =3 *
[5, 7]
=1 * * * >5
[6, 7]
=1 * * * %2
[4, 6]
Shutting down (localhost, ${ports[0]}) ...
OK.
Shutting down (localhost, ${ports[1]}) ...
OK.
